// Jest Snapshot v1, https://goo.gl/fbAQLP

exports[`MultiCloudVpnStack Snapshot test 1`] = `
"{
  "output": {
    "ssh_private_key_output": {
      "sensitive": true,
      "value": "\${tls_private_key.ssh-key.private_key_pem}"
    }
  },
  "provider": {
    "aws": [
      {
        "region": "ap-northeast-1"
      }
    ],
    "azurerm": [
      {
        "features": [
          {
          }
        ]
      }
    ],
    "google": [
      {
        "project": "multicloud-sitevpn-project",
        "region": "asia-northeast1"
      }
    ],
    "tls": [
      {
      }
    ]
  },
  "resource": {
    "aws_cloudwatch_log_group": {
      "my-aws-vpc-aws-google-cgw-log-group": {
        "name": "my-aws-vpc-aws-google-cgw-log-group",
        "provider": "aws",
        "retention_in_days": 14
      }
    },
    "aws_customer_gateway": {
      "aws_google_cgw_0": {
        "bgp_asn": "65000",
        "ip_address": "\${google_compute_ha_vpn_gateway.aws_gcp_ha_vpn.vpn_interfaces[0].ip_address}",
        "provider": "aws",
        "tags": {
          "Name": "my-aws-vpc-aws-google-cgw-1"
        },
        "type": "ipsec.1"
      },
      "aws_google_cgw_1": {
        "bgp_asn": "65000",
        "ip_address": "\${google_compute_ha_vpn_gateway.aws_gcp_ha_vpn.vpn_interfaces[1].ip_address}",
        "provider": "aws",
        "tags": {
          "Name": "my-aws-vpc-aws-google-cgw-2"
        },
        "type": "ipsec.1"
      }
    },
    "aws_default_route_table": {
      "defaultRouteTable": {
        "default_route_table_id": "\${aws_vpc.awsVpc.default_route_table_id}",
        "provider": "aws",
        "tags": {
          "Name": "my-aws-vpc-routetable"
        }
      }
    },
    "aws_ec2_instance_connect_endpoint": {
      "ec2InstanceConnectEndpoint0": {
        "provider": "aws",
        "security_group_ids": [
        ],
        "subnet_id": "\${aws_subnet.awsSubnet0.id}",
        "tags": {
          "Name": "undefined-ConnectEndpoint"
        }
      },
      "ec2InstanceConnectEndpoint1": {
        "provider": "aws",
        "security_group_ids": [
        ],
        "subnet_id": "\${aws_subnet.awsSubnet1.id}",
        "tags": {
          "Name": "undefined-ConnectEndpoint"
        }
      },
      "ec2InstanceConnectEndpoint2": {
        "provider": "aws",
        "security_group_ids": [
        ],
        "subnet_id": "\${aws_subnet.awsSubnet2.id}",
        "tags": {
          "Name": "undefined-ConnectEndpoint"
        }
      }
    },
    "aws_instance": {
      "ec2Instance0": {
        "ami": "ami-0b20f552f63953f0e",
        "instance_type": "t3.micro",
        "key_name": "multicloud_test",
        "provider": "aws",
        "subnet_id": "\${aws_subnet.awsSubnet0.id}",
        "tags": {
          "Name": "MyEC2Instance1"
        },
        "vpc_security_group_ids": [
        ]
      }
    },
    "aws_security_group": {
      "awsSecurityGroup0": {
        "egress": [
          {
            "cidr_blocks": [
              "0.0.0.0/0"
            ],
            "description": "Allow all outbound traffic",
            "from_port": 0,
            "ipv6_cidr_blocks": [
              "::/0"
            ],
            "prefix_list_ids": null,
            "protocol": "-1",
            "security_groups": null,
            "self": null,
            "to_port": 0
          }
        ],
        "ingress": [
          {
            "cidr_blocks": [
              "10.0.0.0/16",
              "10.1.0.0/16",
              "10.2.0.0/16"
            ],
            "description": "Allow all inbound traffic",
            "from_port": 0,
            "ipv6_cidr_blocks": null,
            "prefix_list_ids": null,
            "protocol": "-1",
            "security_groups": null,
            "self": null,
            "to_port": 0
          }
        ],
        "provider": "aws",
        "tags": {
          "Name": "my-aws-vpc-sg1"
        },
        "vpc_id": "\${aws_vpc.awsVpc.id}"
      },
      "awsSecurityGroup1": {
        "egress": [
          {
            "cidr_blocks": [
              "0.0.0.0/0"
            ],
            "description": "Allow all outbound traffic",
            "from_port": 0,
            "ipv6_cidr_blocks": [
              "::/0"
            ],
            "prefix_list_ids": null,
            "protocol": "-1",
            "security_groups": null,
            "self": null,
            "to_port": 0
          }
        ],
        "ingress": [
          {
            "cidr_blocks": [
              "150.9.94.35/32"
            ],
            "description": "EC2 Instance Connect",
            "from_port": 22,
            "ipv6_cidr_blocks": null,
            "prefix_list_ids": null,
            "protocol": "tcp",
            "security_groups": null,
            "self": null,
            "to_port": 22
          }
        ],
        "provider": "aws",
        "tags": {
          "Name": "EC2InstanceConnect"
        },
        "vpc_id": "\${aws_vpc.awsVpc.id}"
      }
    },
    "aws_subnet": {
      "awsSubnet0": {
        "availability_zone": "ap-northeast-1a",
        "cidr_block": "10.0.10.0/24",
        "provider": "aws",
        "tags": {
          "Name": "my-aws-vpc-subnet1"
        },
        "vpc_id": "\${aws_vpc.awsVpc.id}"
      },
      "awsSubnet1": {
        "availability_zone": "ap-northeast-1c",
        "cidr_block": "10.0.20.0/24",
        "provider": "aws",
        "tags": {
          "Name": "my-aws-vpc-subnet2"
        },
        "vpc_id": "\${aws_vpc.awsVpc.id}"
      },
      "awsSubnet2": {
        "availability_zone": "ap-northeast-1d",
        "cidr_block": "10.0.30.0/24",
        "provider": "aws",
        "tags": {
          "Name": "my-aws-vpc-subnet3"
        },
        "vpc_id": "\${aws_vpc.awsVpc.id}"
      }
    },
    "aws_vpc": {
      "awsVpc": {
        "cidr_block": "10.0.0.0/16",
        "enable_dns_hostnames": true,
        "enable_dns_support": true,
        "provider": "aws",
        "tags": {
          "Name": "my-aws-vpc"
        }
      }
    },
    "aws_vpn_connection": {
      "aws_google_vpn_connection_0": {
        "customer_gateway_id": "\${aws_customer_gateway.aws_google_cgw_0.id}",
        "provider": "aws",
        "static_routes_only": false,
        "tags": {
          "Name": "my-aws-vpc-aws-google-vpn-connection-1"
        },
        "tunnel1_log_options": {
          "cloudwatch_log_options": {
            "log_enabled": true,
            "log_group_arn": "\${aws_cloudwatch_log_group.my-aws-vpc-aws-google-cgw-log-group.arn}",
            "log_output_format": "text"
          }
        },
        "tunnel2_log_options": {
          "cloudwatch_log_options": {
            "log_enabled": true,
            "log_group_arn": "\${aws_cloudwatch_log_group.my-aws-vpc-aws-google-cgw-log-group.arn}",
            "log_output_format": "text"
          }
        },
        "type": "ipsec.1",
        "vpn_gateway_id": "\${aws_vpn_gateway.cmk_vgw.id}"
      },
      "aws_google_vpn_connection_1": {
        "customer_gateway_id": "\${aws_customer_gateway.aws_google_cgw_1.id}",
        "provider": "aws",
        "static_routes_only": false,
        "tags": {
          "Name": "my-aws-vpc-aws-google-vpn-connection-2"
        },
        "tunnel1_log_options": {
          "cloudwatch_log_options": {
            "log_enabled": true,
            "log_group_arn": "\${aws_cloudwatch_log_group.my-aws-vpc-aws-google-cgw-log-group.arn}",
            "log_output_format": "text"
          }
        },
        "tunnel2_log_options": {
          "cloudwatch_log_options": {
            "log_enabled": true,
            "log_group_arn": "\${aws_cloudwatch_log_group.my-aws-vpc-aws-google-cgw-log-group.arn}",
            "log_output_format": "text"
          }
        },
        "type": "ipsec.1",
        "vpn_gateway_id": "\${aws_vpn_gateway.cmk_vgw.id}"
      }
    },
    "aws_vpn_gateway": {
      "cmk_vgw": {
        "amazon_side_asn": 64512,
        "provider": "aws",
        "tags": {
          "Name": "my-aws-vpc-vgw"
        },
        "vpc_id": "\${aws_vpc.awsVpc.id}"
      }
    },
    "aws_vpn_gateway_route_propagation": {
      "cmk_vge_rp": {
        "provider": "aws",
        "route_table_id": "\${aws_vpc.awsVpc.default_route_table_id}",
        "vpn_gateway_id": "\${aws_vpn_gateway.cmk_vgw.id}"
      }
    },
    "google_compute_external_vpn_gateway": {
      "aws-google-vpngateway": {
        "interface": [
          {
            "id": 0,
            "ip_address": "\${aws_vpn_connection.aws_google_vpn_connection_0.tunnel1_address}"
          },
          {
            "id": 1,
            "ip_address": "\${aws_vpn_connection.aws_google_vpn_connection_0.tunnel2_address}"
          },
          {
            "id": 2,
            "ip_address": "\${aws_vpn_connection.aws_google_vpn_connection_1.tunnel1_address}"
          },
          {
            "id": 3,
            "ip_address": "\${aws_vpn_connection.aws_google_vpn_connection_1.tunnel2_address}"
          }
        ],
        "name": "aws-google-vpngateway",
        "provider": "google",
        "redundancy_type": "FOUR_IPS_REDUNDANCY"
      }
    },
    "google_compute_firewall": {
      "allowInternal-internal-aws-rule": {
        "allow": [
          {
            "protocol": "all"
          }
        ],
        "direction": "INGRESS",
        "name": "my-gcp-vpc-internal-aws-rule",
        "network": "\${google_compute_network.googleVpc.name}",
        "priority": 1000,
        "provider": "google",
        "source_ranges": [
          "10.0.0.0/16"
        ]
      },
      "allowInternal-internal-azure-rule": {
        "allow": [
          {
            "protocol": "all"
          }
        ],
        "direction": "INGRESS",
        "name": "my-gcp-vpc-internal-azure-rule",
        "network": "\${google_compute_network.googleVpc.name}",
        "priority": 1000,
        "provider": "google",
        "source_ranges": [
          "10.2.0.0/16"
        ]
      },
      "allowInternal-internal-google-rule": {
        "allow": [
          {
            "protocol": "all"
          }
        ],
        "direction": "INGRESS",
        "name": "my-gcp-vpc-internal-google-rule",
        "network": "\${google_compute_network.googleVpc.name}",
        "priority": 1000,
        "provider": "google",
        "source_ranges": [
          "10.1.0.0/16"
        ]
      },
      "allowSsh": {
        "allow": [
          {
            "ports": [
              "22"
            ],
            "protocol": "tcp"
          }
        ],
        "direction": "INGRESS",
        "name": "my-gcp-vpc-ssh-allow-rule",
        "network": "\${google_compute_network.googleVpc.name}",
        "priority": 1000,
        "provider": "google",
        "source_ranges": [
          "35.235.240.0/20"
        ]
      },
      "allowVpnExternal-vpn-rule": {
        "allow": [
          {
            "protocol": "all"
          }
        ],
        "destination_ranges": [
          "0.0.0.0/0"
        ],
        "direction": "EGRESS",
        "name": "my-gcp-vpc-vpn-rule",
        "network": "\${google_compute_network.googleVpc.name}",
        "priority": 1000,
        "provider": "google",
        "source_ranges": [
          "0.0.0.0/0"
        ]
      }
    },
    "google_compute_ha_vpn_gateway": {
      "aws_gcp_ha_vpn": {
        "name": "aws-google-vpngateway",
        "network": "\${google_compute_network.googleVpc.name}",
        "provider": "google"
      }
    },
    "google_compute_instance": {
      "gceInstance0": {
        "boot_disk": {
          "device_name": "test-instance1-boot-disk",
          "initialize_params": {
            "image": "projects/ubuntu-os-cloud/global/images/ubuntu-2404-noble-amd64-v20240701a",
            "size": 10,
            "type": "pd-standard"
          }
        },
        "depends_on": [
          "google_compute_network.googleVpc",
          "google_compute_subnetwork.my-gcp-vpc-subnet1",
          "google_compute_subnetwork.my-gcp-vpc-subnet2"
        ],
        "machine_type": "e2-micro",
        "name": "gce-instance-1",
        "network_interface": [
          {
            "subnetwork": "my-gcp-vpc-subnet1"
          }
        ],
        "project": "multicloud-sitevpn-project",
        "provider": "google",
        "service_account": {
          "scopes": [
            "https://www.googleapis.com/auth/devstorage.read_only",
            "https://www.googleapis.com/auth/logging.write",
            "https://www.googleapis.com/auth/monitoring.write",
            "https://www.googleapis.com/auth/servicecontrol",
            "https://www.googleapis.com/auth/service.management.readonly",
            "https://www.googleapis.com/auth/trace.append"
          ]
        },
        "tags": [
          "multicloud"
        ],
        "zone": "asia-northeast1-a"
      }
    },
    "google_compute_network": {
      "googleVpc": {
        "auto_create_subnetworks": false,
        "name": "my-gcp-vpc",
        "provider": "google"
      }
    },
    "google_compute_router": {
      "aws_gcp_router": {
        "bgp": {
          "asn": 65000
        },
        "name": "aws-google-cloud-router",
        "network": "\${google_compute_network.googleVpc.name}",
        "provider": "google"
      }
    },
    "google_compute_router_interface": {
      "RouterInterfaceaws-1": {
        "ip_range": "\${aws_vpn_connection.aws_google_vpn_connection_0.tunnel1_cgw_inside_address}/30",
        "name": "my-gcp-vpc-gcp-aws-router-interface-1",
        "provider": "google",
        "router": "aws-google-cloud-router",
        "vpn_tunnel": "\${google_compute_vpn_tunnel.VpnTunnelaws-1.name}"
      },
      "RouterInterfaceaws-2": {
        "ip_range": "\${aws_vpn_connection.aws_google_vpn_connection_0.tunnel2_cgw_inside_address}/30",
        "name": "my-gcp-vpc-gcp-aws-router-interface-2",
        "provider": "google",
        "router": "aws-google-cloud-router",
        "vpn_tunnel": "\${google_compute_vpn_tunnel.VpnTunnelaws-2.name}"
      },
      "RouterInterfaceaws-3": {
        "ip_range": "\${aws_vpn_connection.aws_google_vpn_connection_1.tunnel1_cgw_inside_address}/30",
        "name": "my-gcp-vpc-gcp-aws-router-interface-3",
        "provider": "google",
        "router": "aws-google-cloud-router",
        "vpn_tunnel": "\${google_compute_vpn_tunnel.VpnTunnelaws-3.name}"
      },
      "RouterInterfaceaws-4": {
        "ip_range": "\${aws_vpn_connection.aws_google_vpn_connection_1.tunnel2_cgw_inside_address}/30",
        "name": "my-gcp-vpc-gcp-aws-router-interface-4",
        "provider": "google",
        "router": "aws-google-cloud-router",
        "vpn_tunnel": "\${google_compute_vpn_tunnel.VpnTunnelaws-4.name}"
      }
    },
    "google_compute_router_peer": {
      "RouterPeeraws-1": {
        "advertised_route_priority": 100,
        "interface": "\${google_compute_router_interface.RouterInterfaceaws-1.name}",
        "name": "my-gcp-vpc-gcp-aws-router-peer-1",
        "peer_asn": 64512,
        "peer_ip_address": "\${aws_vpn_connection.aws_google_vpn_connection_0.tunnel1_vgw_inside_address}",
        "provider": "google",
        "router": "aws-google-cloud-router"
      },
      "RouterPeeraws-2": {
        "advertised_route_priority": 100,
        "interface": "\${google_compute_router_interface.RouterInterfaceaws-2.name}",
        "name": "my-gcp-vpc-gcp-aws-router-peer-2",
        "peer_asn": 64512,
        "peer_ip_address": "\${aws_vpn_connection.aws_google_vpn_connection_0.tunnel2_vgw_inside_address}",
        "provider": "google",
        "router": "aws-google-cloud-router"
      },
      "RouterPeeraws-3": {
        "advertised_route_priority": 100,
        "interface": "\${google_compute_router_interface.RouterInterfaceaws-3.name}",
        "name": "my-gcp-vpc-gcp-aws-router-peer-3",
        "peer_asn": 64512,
        "peer_ip_address": "\${aws_vpn_connection.aws_google_vpn_connection_1.tunnel1_vgw_inside_address}",
        "provider": "google",
        "router": "aws-google-cloud-router"
      },
      "RouterPeeraws-4": {
        "advertised_route_priority": 100,
        "interface": "\${google_compute_router_interface.RouterInterfaceaws-4.name}",
        "name": "my-gcp-vpc-gcp-aws-router-peer-4",
        "peer_asn": 64512,
        "peer_ip_address": "\${aws_vpn_connection.aws_google_vpn_connection_1.tunnel2_vgw_inside_address}",
        "provider": "google",
        "router": "aws-google-cloud-router"
      }
    },
    "google_compute_subnetwork": {
      "my-gcp-vpc-subnet1": {
        "ip_cidr_range": "10.1.10.0/24",
        "name": "my-gcp-vpc-subnet1",
        "network": "\${google_compute_network.googleVpc.name}",
        "provider": "google",
        "region": "asia-northeast1"
      },
      "my-gcp-vpc-subnet2": {
        "ip_cidr_range": "10.1.20.0/24",
        "name": "my-gcp-vpc-subnet2",
        "network": "\${google_compute_network.googleVpc.name}",
        "provider": "google",
        "region": "asia-northeast1"
      }
    },
    "google_compute_vpn_tunnel": {
      "VpnTunnelaws-1": {
        "ike_version": 2,
        "name": "my-gcp-vpc-gcp-aws-vpn-tunnel-1",
        "peer_external_gateway": "\${google_compute_external_vpn_gateway.aws-google-vpngateway.id}",
        "peer_external_gateway_interface": 0,
        "provider": "google",
        "router": "aws-google-cloud-router",
        "shared_secret": "\${aws_vpn_connection.aws_google_vpn_connection_0.tunnel1_preshared_key}",
        "vpn_gateway": "\${google_compute_ha_vpn_gateway.aws_gcp_ha_vpn.id}",
        "vpn_gateway_interface": 0
      },
      "VpnTunnelaws-2": {
        "ike_version": 2,
        "name": "my-gcp-vpc-gcp-aws-vpn-tunnel-2",
        "peer_external_gateway": "\${google_compute_external_vpn_gateway.aws-google-vpngateway.id}",
        "peer_external_gateway_interface": 1,
        "provider": "google",
        "router": "aws-google-cloud-router",
        "shared_secret": "\${aws_vpn_connection.aws_google_vpn_connection_0.tunnel2_preshared_key}",
        "vpn_gateway": "\${google_compute_ha_vpn_gateway.aws_gcp_ha_vpn.id}",
        "vpn_gateway_interface": 0
      },
      "VpnTunnelaws-3": {
        "ike_version": 2,
        "name": "my-gcp-vpc-gcp-aws-vpn-tunnel-3",
        "peer_external_gateway": "\${google_compute_external_vpn_gateway.aws-google-vpngateway.id}",
        "peer_external_gateway_interface": 2,
        "provider": "google",
        "router": "aws-google-cloud-router",
        "shared_secret": "\${aws_vpn_connection.aws_google_vpn_connection_1.tunnel1_preshared_key}",
        "vpn_gateway": "\${google_compute_ha_vpn_gateway.aws_gcp_ha_vpn.id}",
        "vpn_gateway_interface": 1
      },
      "VpnTunnelaws-4": {
        "ike_version": 2,
        "name": "my-gcp-vpc-gcp-aws-vpn-tunnel-4",
        "peer_external_gateway": "\${google_compute_external_vpn_gateway.aws-google-vpngateway.id}",
        "peer_external_gateway_interface": 3,
        "provider": "google",
        "router": "aws-google-cloud-router",
        "shared_secret": "\${aws_vpn_connection.aws_google_vpn_connection_1.tunnel2_preshared_key}",
        "vpn_gateway": "\${google_compute_ha_vpn_gateway.aws_gcp_ha_vpn.id}",
        "vpn_gateway_interface": 1
      }
    },
    "tls_private_key": {
      "ssh-key": {
        "algorithm": "RSA",
        "provider": "tls",
        "rsa_bits": 4096
      }
    }
  },
  "terraform": {
    "required_providers": {
      "aws": {
        "source": "aws",
        "version": "5.77.0"
      },
      "azurerm": {
        "source": "azurerm",
        "version": "4.11.0"
      },
      "google": {
        "source": "google",
        "version": "6.12.0"
      },
      "tls": {
        "source": "hashicorp/tls",
        "version": "4.0.6"
      }
    }
  }
}"
`;
